Script started on Mon 17 May 2010 01:11:48 PM EDT
ztan@ztan-ubuntu:~/workspace/rails_projects/sample_app$ script[K[K[K[K[K[K
ztan@ztan-ubuntu:~/workspace/rails_projects/sample_app$ 
ztan@ztan-ubuntu:~/workspace/rails_projects/sample_app$ 
ztan@ztan-ubuntu:~/workspace/rails_projects/sample_app$ 
ztan@ztan-ubuntu:~/workspace/rails_projects/sample_app$ 
ztan@ztan-ubuntu:~/workspace/rails_projects/sample_app$ 
ztan@ztan-ubuntu:~/workspace/rails_projects/sample_app$ ls
app  config  db  doc  lib  log	public	Rakefile  README  script  test	tmp  typescript  vendor
ztan@ztan-ubuntu:~/workspace/rails_projects/sample_app$ ps
  PID TTY          TIME CMD
 3786 pts/1    00:00:00 bash
 3799 pts/1    00:00:00 ps
ztan@ztan-ubuntu:~/workspace/rails_projects/sample_app$ script/help
bash: script/help: No such file or directory
ztan@ztan-ubuntu:~/workspace/rails_projects/sample_app$ script help
Script started, file is help
ztan@ztan-ubuntu:~/workspace/rails_projects/sample_app$ s[Kls
app  config  db  doc  help  lib  log  public  Rakefile	README	script	test  tmp  typescript  vendor
ztan@ztan-ubuntu:~/workspace/rails_projects/sample_app$ s[Kcd script/
about        dbconsole    generate     plugin       server       
console      destroy      performance/ runner       
ztan@ztan-ubuntu:~/workspace/rails_projects/sample_app$ cd script/[K[K[K[K[K[K[K[K[K[Kscript/destroy controller Pages homes
          rm  app/views/pages/homes.html.erb
          rm  test/unit/helpers/pages_helper_test.rb
          rm  app/helpers/pages_helper.rb
          rm  test/functional/pages_controller_test.rb
          rm  app/controllers/pages_controller.rb
       rmdir  test/unit/helpers
       rmdir  test/unit
    notempty  test
       rmdir  test/functional
    notempty  test
    notempty  app/views/pages
    notempty  app/views
    notempty  app
    notempty  app/helpers
    notempty  app
    notempty  app/controllers
    notempty  app
ztan@ztan-ubuntu:~/workspace/rails_projects/sample_app$ sce[Kript [K/generate controller Pages home
      exists  app/controllers/
      exists  app/helpers/
      exists  app/views/pages
      create  test/functional/
      create  test/unit/helpers/
      create  app/controllers/pages_controller.rb
      create  test/functional/pages_controller_test.rb
      create  app/helpers/pages_helper.rb
      create  test/unit/helpers/pages_helper_test.rb
      create  app/views/pages/home.html.erb
ztan@ztan-ubuntu:~/workspace/rails_projects/sample_app$ kwrite app/
controllers/ helpers/     models/      views/       
ztan@ztan-ubuntu:~/workspace/rails_projects/sample_app$ kwrite app/controllers/pages_controller.rb 
^[[A^[[A        

script/generate controller QClipboard: Unable to receive an event from the clipboard manager in a reasonable time
ztan@ztan-ubuntu:~/workspace/rails_projects/sample_app$ 
ztan@ztan-ubuntu:~/workspace/rails_projects/sample_app$ 
ztan@ztan-ubuntu:~/workspace/rails_projects/sample_app$ script/generate controller Pages home contact
      exists  app/controllers/
      exists  app/helpers/
      exists  app/views/pages
      exists  test/functional/
      exists  test/unit/helpers/
overwrite app/controllers/pages_controller.rb? (enter "h" for help) [Ynaqdh] Y
       force  app/controllers/pages_controller.rb
   identical  test/functional/pages_controller_test.rb
   identical  app/helpers/pages_helper.rb
   identical  test/unit/helpers/pages_helper_test.rb
   identical  app/views/pages/home.html.erb
   identical  app/views/pages/contact.html.erb
ztan@ztan-ubuntu:~/workspace/rails_projects/sample_app$ ls
app  config  db  doc  help  lib  log  public  Rakefile	README	script	test  tmp  typescript  vendor
ztan@ztan-ubuntu:~/workspace/rails_projects/sample_app$ kwrite app/controllers/pages_controller.rb 

cat app/views/pages/home/ .htnml   ml.erb

QClipboard: Unable to receive an event from the clipboard manager in a reasonable time
ztan@ztan-ubuntu:~/workspace/rails_projects/sample_app$ 
ztan@ztan-ubuntu:~/workspace/rails_projects/sample_app$ cat app/views/pages/home.html.erb
<h1>Pages#home</h1>
<p>Find me in app/views/pages/home.html.erb</p>
ztan@ztan-ubuntu:~/workspace/rails_projects/sample_app$ 
ztan@ztan-ubuntu:~/workspace/rails_projects/sample_app$ 
ztan@ztan-ubuntu:~/workspace/rails_projects/sample_app$ git add .
ztan@ztan-ubuntu:~/workspace/rails_projects/sample_app$ gt[Kit commit -am "Added a pages C[K[K[K[K[K[K[KPages controller"
[static-pages a9d6360] Added a Pages controller
 Committer: Henry Tan <ztan@ztan-ubuntu.(none)>
Your name and email address were configured automatically based
on your username and hostname. Please check that they are accurate.
You can suppress this message by setting them explicitly:

    git config --global user.name "Your Name"
    git config --global user.email you@example.com

If the identity used for this commit is wrong, you can fix it with:

    git commit --amend --author='Your Name <you@example.com>'

 7 files changed, 106 insertions(+), 0 deletions(-)
 create mode 100644 app/controllers/pages_controller.rb
 create mode 100644 app/helpers/pages_helper.rb
 create mode 100644 app/views/pages/contact.html.erb
 create mode 100644 app/views/pages/home.html.erb
 create mode 100644 help
 create mode 100644 test/functional/pages_controller_test.rb
 create mode 100644 test/unit/helpers/pages_helper_test.rb
 create mode 100644 typescript
ztan@ztan-ubuntu:~/workspace/rails_projects/sample_app$ git config --global user.email ztan@gwu.edu
ztan@ztan-ubuntu:~/workspace/rails_projects/sample_app$ gem install rspec -v 1.3.0
**************************************************

  Thank you for installing rspec-1.3.0

  Please be sure to read History.rdoc and Upgrade.rdoc
  for useful information about this release.

**************************************************
Successfully installed rspec-1.3.0
1 gem installed
Installing ri documentation for rspec-1.3.0...
Installing RDoc documentation for rspec-1.3.0...
ztan@ztan-ubuntu:~/workspace/rails_projects/sample_app$ ruby -v
ruby 1.9.1p378 (2010-01-10 revision 26273) [i686-linux]
ztan@ztan-ubuntu:~/workspace/rails_projects/sample_app$ gem uninstall test-unit[K[K[K[K[K[K[K[K[K[K[K[K[K[K[K[K[K[K[K[K[K[K[Kruby -vgem install rspec -v 1.3.0[K[K.2[1@-[1@r[1@a[1@i[1@l[1@s
**************************************************

  Thank you for installing rspec-rails-1.3.2

  If you are upgrading, do this in each of your rails apps
  that you want to upgrade:

    $ ruby script/generate rspec

  Please be sure to read History.rdoc and Upgrade.rdoc
  for useful information about this release.

**************************************************
Successfully installed rspec-rails-1.3.2
1 gem installed
Installing ri documentation for rspec-rails-1.3.2...
Installing RDoc documentation for rspec-rails-1.3.2...
ztan@ztan-ubuntu:~/workspace/rails_projects/sample_app$ ruby[K[K[K[Kgem uninstall test-unit
ERROR:  While executing gem ... (Gem::InstallError)
    cannot uninstall, check `gem list -d test-unit`
ztan@ztan-ubuntu:~/workspace/rails_projects/sample_app$ gem list

*** LOCAL GEMS ***

gactionmailer (2.3.5)
actionpack (2.3.5)
activerecord (2.3.5)
activeresource (2.3.5)
activesupport (2.3.5)
configuration (1.1.0)
ffi (0.6.3)
heroku (1.9.9)
json_pure (1.4.3)
launchy (0.3.5)
mime-types (1.16)
rack (1.0.1)
rails (2.3.5)
rake (0.8.7)
rdoc (2.5.8)
rest-client (1.4.2)
rspec (1.3.0)
rspec-rails (1.3.2)
rubygems-update (1.3.7)
sequel (3.10.0)
sinatra (1.0)
sqlite3 (0.1.1)
sqlite3-ruby (1.2.5)
taps (0.3.5)
ztan@ztan-ubuntu:~/workspace/rails_projects/sample_app$ gem install test-unit -v 1.2.3
Successfully installed rubyforge-2.0.4
Successfully installed hoe-2.6.0
Successfully installed test-unit-1.2.3
3 gems installed
Installing ri documentation for rubyforge-2.0.4...
Installing ri documentation for hoe-2.6.0...
Installing ri documentation